// Jest Snapshot v1, https://goo.gl/fbAQLP

exports[`Preloader atom component Should render correctly 1`] = `ReactWrapper {}`;
