// Jest Snapshot v1, https://goo.gl/fbAQLP

exports[`LanguageBar test english Should render correctly 1`] = `ShallowWrapper {}`;

exports[`LanguageBar test espanish Should render correctly 1`] = `ShallowWrapper {}`;
