// Jest Snapshot v1, https://goo.gl/fbAQLP

exports[`when bad props are provided should render properly 1`] = `ReactWrapper {}`;
