// Jest Snapshot v1, https://goo.gl/fbAQLP

exports[`Authorization HOC Should render correctly 1`] = `ReactWrapper {}`;
