// Jest Snapshot v1, https://goo.gl/fbAQLP

exports[`LanguageButton test in English mode Should render correctly 1`] = `ReactWrapper {}`;

exports[`LanguageButton test in Espanish mode Should render correctly 1`] = `ReactWrapper {}`;
